root@Suvidnya:~# script -a ~/miniconda-session
Script started, output log file is '/root/miniconda-session'.
root@Suvidnya:~# mkdir -p ~/miniconda3
wget https://repo.anaconda.com/miniconda/Miniconda3-latest-Linux-x86_64.sh -O ~/miniconda3/miniconda.sh
bash ~/miniconda3/miniconda.sh -b -u -p ~/miniconda3
rm ~/miniconda3/miniconda.sh
--2024-10-04 11:27:11--  https://repo.anaconda.com/miniconda/Miniconda3-latest-Linux-x86_64.sh
Resolving repo.anaconda.com (repo.anaconda.com)... 104.16.191.158, 104.16.32.241, 2606:4700::6810:bf9e, ...
Connecting to repo.anaconda.com (repo.anaconda.com)|104.16.191.158|:443... connected.
HTTP request sent, awaiting response... 200 OK
Length: 148981743 (142M) [application/octet-stream]
Saving to: ‘/root/miniconda3/miniconda.sh’

/root/miniconda3/miniconda.sh 100%[=================================================>] 142.08M  11.4MB/s    in 13s

2024-10-04 11:27:26 (10.9 MB/s) - ‘/root/miniconda3/miniconda.sh’ saved [148981743/148981743]

PREFIX=/root/miniconda3
Unpacking payload ...

Installing base environment...

Preparing transaction: ...working... done
Executing transaction: ...working... done
installation finished.
root@Suvidnya:~# conda create -n newenv
conda: command not found
root@Suvidnya:~# ls
git-project  git-session  git-session-clone  miniconda-session  miniconda3  my-unix-session  snap
root@Suvidnya:~# ls ~/miniconda3/bin/conda
/root/miniconda3/bin/conda
root@Suvidnya:~# cd miniconda3/
root@Suvidnya:~/miniconda3# conda --version
conda: command not found
root@Suvidnya:~/miniconda3# ls
LICENSE.txt  cmake            condabin  include  pkgs   shell                   x86_64-conda_cos7-linux-gnu
_conda       compiler_compat  envs      lib      sbin   ssl
bin          conda-meta       etc       man      share  x86_64-conda-linux-gnu
root@Suvidnya:~/miniconda3# cd shell/
root@Suvidnya:~/miniconda3/shell# conda --version
conda: command not found
root@Suvidnya:~/miniconda3/shell# cd ..
root@Suvidnya:~/miniconda3# cd ..
root@Suvidnya:~# ls miniconda3/bin/
2to3          conda                jsonpatch    lzmainfo          python3.1          wish8.6
2to3-3.12     conda-content-trust  jsonpointer  lzmore            python3.12         x86_64-conda-linux-gnu-ld
acountry      conda-env            k5srvutil    makeconv          python3.12-config  x86_64-conda_cos7-linux-gnu-ld
activate      conda2solv           kadmin       mamba-package     repo2solv          xml2-config
adig          cph                  kdestroy     mergesolv         reset              xmlcatalog
ahost         curl-config          kinit        ncursesw6-config  sclient            xmllint
archspec      deactivate           klist        nghttp            sim_client         xmlwf
bsdcat        derb                 kpasswd      nghttpd           sqlite3            xz
bsdcpio       distro               krb5-config  nghttpx           sqlite3_analyzer   xzcat
bsdtar        dumpsolv             ksu          normalizer        tabs               xzcmp
bunzip2       genbrk               kswitch      openssl           tclsh              xzdec
bzcat         gencfu               ktutil       pcre2-config      tclsh8.6           xzdiff
bzcmp         gencnval             kvno         pcre2_jit_test    testsolv           xzegrep
bzdiff        gendict              lz4          pcre2grep         tic                xzfgrep
bzegrep       genrb                lz4c         pcre2posix_test   toe                xzgrep
bzfgrep       gss-client           lz4cat       pcre2test         tput               xzless
bzgrep        icu-config           lzcat        pip               tqdm               xzmore
bzip2         icuexportdata        lzcmp        pip3              tset               zstd
bzip2recover  icuinfo              lzdiff       pkgdata           unlz4              zstdcat
bzless        idle3                lzegrep      pydoc             unlzma             zstdgrep
bzmore        idle3.12             lzfgrep      pydoc3            unxz               zstdless
c_rehash      infocmp              lzgrep       pydoc3.12         unzstd             zstdmt
captoinfo     infotocap            lzless       python            uuclient
clear         installcheck         lzma         python3           wheel
compile_et    jsondiff             lzmadec      python3-config    wish
root@Suvidnya:~# nano ~/.bashrc
.bash_history      .conda/            .local/            .ssh/              git-session        miniconda3/
.bashrc            .gitconfig         .motd_shown        .viminfo           git-session-clone/ my-unix-session
.cache/            .lesshst           .profile           git-project/       miniconda-session  snap/
root@Suvidnya:~# nano ~/.bashrc
root@Suvidnya:~# source ~/.bashrc
root@Suvidnya:~# conda --version
conda 24.7.1
root@Suvidnya:~# conda create -n newenv python numpy pandas
Channels:
 - defaults
Platform: linux-64
Collecting package metadata (repodata.json): done
Solving environment: done

## Package Plan ##

  environment location: /root/miniconda3/envs/newenv

  added / updated specs:
    - numpy
    - pandas
    - python


The following packages will be downloaded:

    package                    |            build
    ---------------------------|-----------------
    blas-1.0                   |              mkl           6 KB
    bottleneck-1.3.7           |  py312ha883a20_0         140 KB
    ca-certificates-2024.9.24  |       h06a4308_0         130 KB
    expat-2.6.3                |       h6a678d5_0         176 KB
    intel-openmp-2023.1.0      |   hdb19cb5_46306        17.2 MB
    ld_impl_linux-64-2.40      |       h12ee557_0         710 KB
    mkl-2023.1.0               |   h213fc3f_46344       171.5 MB
    mkl-service-2.4.0          |  py312h5eee18b_1          66 KB
    mkl_fft-1.3.10             |  py312h5eee18b_0         223 KB
    mkl_random-1.2.7           |  py312h526ad5a_0         355 KB
    numexpr-2.8.7              |  py312hf827012_0         149 KB
    numpy-1.26.4               |  py312hc5e2394_0          11 KB
    numpy-base-1.26.4          |  py312h0da6c21_0         7.7 MB
    openssl-3.0.15             |       h5eee18b_0         5.2 MB
    pandas-2.2.2               |  py312h526ad5a_0        15.4 MB
    python-3.12.6              |       h5148396_1        34.6 MB
    python-dateutil-2.9.0post0 |  py312h06a4308_2         318 KB
    python-tzdata-2023.3       |     pyhd3eb1b0_0         140 KB
    pytz-2024.1                |  py312h06a4308_0         220 KB
    setuptools-75.1.0          |  py312h06a4308_0         2.2 MB
    six-1.16.0                 |     pyhd3eb1b0_1          18 KB
    tbb-2021.8.0               |       hdb19cb5_0         1.6 MB
    wheel-0.44.0               |  py312h06a4308_0         141 KB
    ------------------------------------------------------------
                                           Total:       258.1 MB

The following NEW packages will be INSTALLED:

  _libgcc_mutex      pkgs/main/linux-64::_libgcc_mutex-0.1-main
  _openmp_mutex      pkgs/main/linux-64::_openmp_mutex-5.1-1_gnu
  blas               pkgs/main/linux-64::blas-1.0-mkl
  bottleneck         pkgs/main/linux-64::bottleneck-1.3.7-py312ha883a20_0
  bzip2              pkgs/main/linux-64::bzip2-1.0.8-h5eee18b_6
  ca-certificates    pkgs/main/linux-64::ca-certificates-2024.9.24-h06a4308_0
  expat              pkgs/main/linux-64::expat-2.6.3-h6a678d5_0
  intel-openmp       pkgs/main/linux-64::intel-openmp-2023.1.0-hdb19cb5_46306
  ld_impl_linux-64   pkgs/main/linux-64::ld_impl_linux-64-2.40-h12ee557_0
  libffi             pkgs/main/linux-64::libffi-3.4.4-h6a678d5_1
  libgcc-ng          pkgs/main/linux-64::libgcc-ng-11.2.0-h1234567_1
  libgomp            pkgs/main/linux-64::libgomp-11.2.0-h1234567_1
  libstdcxx-ng       pkgs/main/linux-64::libstdcxx-ng-11.2.0-h1234567_1
  libuuid            pkgs/main/linux-64::libuuid-1.41.5-h5eee18b_0
  mkl                pkgs/main/linux-64::mkl-2023.1.0-h213fc3f_46344
  mkl-service        pkgs/main/linux-64::mkl-service-2.4.0-py312h5eee18b_1
  mkl_fft            pkgs/main/linux-64::mkl_fft-1.3.10-py312h5eee18b_0
  mkl_random         pkgs/main/linux-64::mkl_random-1.2.7-py312h526ad5a_0
  ncurses            pkgs/main/linux-64::ncurses-6.4-h6a678d5_0
  numexpr            pkgs/main/linux-64::numexpr-2.8.7-py312hf827012_0
  numpy              pkgs/main/linux-64::numpy-1.26.4-py312hc5e2394_0
  numpy-base         pkgs/main/linux-64::numpy-base-1.26.4-py312h0da6c21_0
  openssl            pkgs/main/linux-64::openssl-3.0.15-h5eee18b_0
  pandas             pkgs/main/linux-64::pandas-2.2.2-py312h526ad5a_0
  pip                pkgs/main/linux-64::pip-24.2-py312h06a4308_0
  python             pkgs/main/linux-64::python-3.12.6-h5148396_1
  python-dateutil    pkgs/main/linux-64::python-dateutil-2.9.0post0-py312h06a4308_2
  python-tzdata      pkgs/main/noarch::python-tzdata-2023.3-pyhd3eb1b0_0
  pytz               pkgs/main/linux-64::pytz-2024.1-py312h06a4308_0
  readline           pkgs/main/linux-64::readline-8.2-h5eee18b_0
  setuptools         pkgs/main/linux-64::setuptools-75.1.0-py312h06a4308_0
  six                pkgs/main/noarch::six-1.16.0-pyhd3eb1b0_1
  sqlite             pkgs/main/linux-64::sqlite-3.45.3-h5eee18b_0
  tbb                pkgs/main/linux-64::tbb-2021.8.0-hdb19cb5_0
  tk                 pkgs/main/linux-64::tk-8.6.14-h39e8969_0
  tzdata             pkgs/main/noarch::tzdata-2024a-h04d1e81_0
  wheel              pkgs/main/linux-64::wheel-0.44.0-py312h06a4308_0
  xz                 pkgs/main/linux-64::xz-5.4.6-h5eee18b_1
  zlib               pkgs/main/linux-64::zlib-1.2.13-h5eee18b_1


Proceed ([y]/n)? y


Downloading and Extracting Packages:

Preparing transaction: done
Verifying transaction: done
Executing transaction: done
#
# To activate this environment, use
#
#     $ conda activate newenv
#
# To deactivate an active environment, use
#
#     $ conda deactivate

root@Suvidnya:~# conda info --envs
# conda environments:
#
base                     /root/miniconda3
newenv                   /root/miniconda3/envs/newenv

root@Suvidnya:~# conda activate

CondaError: Run 'conda init' before 'conda activate'

root@Suvidnya:~# conda init
no change     /root/miniconda3/condabin/conda
no change     /root/miniconda3/bin/conda
no change     /root/miniconda3/bin/conda-env
no change     /root/miniconda3/bin/activate
no change     /root/miniconda3/bin/deactivate
no change     /root/miniconda3/etc/profile.d/conda.sh
no change     /root/miniconda3/etc/fish/conf.d/conda.fish
no change     /root/miniconda3/shell/condabin/Conda.psm1
no change     /root/miniconda3/shell/condabin/conda-hook.ps1
no change     /root/miniconda3/lib/python3.12/site-packages/xontrib/conda.xsh
no change     /root/miniconda3/etc/profile.d/conda.csh
modified      /root/.bashrc

==> For changes to take effect, close and re-open your current shell. <==

root@Suvidnya:~# conda activate

CondaError: Run 'conda init' before 'conda activate'

root@Suvidnya:~# conda activate newenv

CondaError: Run 'conda init' before 'conda activate'

root@Suvidnya:~# conda init
no change     /root/miniconda3/condabin/conda
no change     /root/miniconda3/bin/conda
no change     /root/miniconda3/bin/conda-env
no change     /root/miniconda3/bin/activate
no change     /root/miniconda3/bin/deactivate
no change     /root/miniconda3/etc/profile.d/conda.sh
no change     /root/miniconda3/etc/fish/conf.d/conda.fish
no change     /root/miniconda3/shell/condabin/Conda.psm1
no change     /root/miniconda3/shell/condabin/conda-hook.ps1
no change     /root/miniconda3/lib/python3.12/site-packages/xontrib/conda.xsh
no change     /root/miniconda3/etc/profile.d/conda.csh
no change     /root/.bashrc
No action taken.
root@Suvidnya:~# source ~/.bashrc
(base) root@Suvidnya:~# conda activate newenv
(newenv) root@Suvidnya:~# conda install matplotlib
Channels:
 - defaults
Platform: linux-64
Collecting package metadata (repodata.json): done
Solving environment: done

## Package Plan ##

  environment location: /root/miniconda3/envs/newenv

  added / updated specs:
    - matplotlib


The following packages will be downloaded:

    package                    |            build
    ---------------------------|-----------------
    brotli-1.0.9               |       h5eee18b_8          18 KB
    brotli-bin-1.0.9           |       h5eee18b_8          19 KB
    contourpy-1.2.0            |  py312hdb19cb5_0         238 KB
    cycler-0.11.0              |     pyhd3eb1b0_0          12 KB
    cyrus-sasl-2.1.28          |       h52b45da_1         237 KB
    dbus-1.13.18               |       hb2f20db_0         504 KB
    fontconfig-2.14.1          |       h55d465d_3         281 KB
    fonttools-4.51.0           |  py312h5eee18b_0         2.9 MB
    freetype-2.12.1            |       h4a9f257_0         626 KB
    glib-2.78.4                |       h6a678d5_0         508 KB
    glib-tools-2.78.4          |       h6a678d5_0         115 KB
    gst-plugins-base-1.14.1    |       h6a678d5_1         2.2 MB
    gstreamer-1.14.1           |       h5eee18b_1         1.7 MB
    jpeg-9e                    |       h5eee18b_3         262 KB
    kiwisolver-1.4.4           |  py312h6a678d5_0          68 KB
    lcms2-2.12                 |       h3be6417_0         312 KB
    lerc-3.0                   |       h295c915_0         196 KB
    libbrotlicommon-1.0.9      |       h5eee18b_8          69 KB
    libbrotlidec-1.0.9         |       h5eee18b_8          31 KB
    libbrotlienc-1.0.9         |       h5eee18b_8         286 KB
    libclang-14.0.6            |default_hc6dbbc7_1         137 KB
    libclang13-14.0.6          |default_he11475f_1         9.8 MB
    libcups-2.4.2              |       h2d74bed_1         4.5 MB
    libdeflate-1.17            |       h5eee18b_1          64 KB
    libglib-2.78.4             |       hdc74915_0         1.5 MB
    libiconv-1.16              |       h5eee18b_3         759 KB
    libllvm14-14.0.6           |       hecde1de_4        33.4 MB
    libpng-1.6.39              |       h5eee18b_0         304 KB
    libpq-12.17                |       hdbd6064_0         2.4 MB
    libtiff-4.5.1              |       h6a678d5_0         533 KB
    libwebp-base-1.3.2         |       h5eee18b_0         387 KB
    libxcb-1.15                |       h7f8727e_0         505 KB
    libxkbcommon-1.0.1         |       h097e994_2         590 KB
    matplotlib-3.9.2           |  py312h06a4308_0           7 KB
    matplotlib-base-3.9.2      |  py312h66fe004_0         7.9 MB
    mysql-5.7.24               |       h721c034_2        60.0 MB
    openjpeg-2.5.2             |       he7f1fd0_0         371 KB
    pillow-10.4.0              |  py312h5eee18b_0         946 KB
    ply-3.11                   |  py312h06a4308_1         109 KB
    pyparsing-3.1.2            |  py312h06a4308_0         450 KB
    pyqt-5.15.10               |  py312h6a678d5_0         5.0 MB
    pyqt5-sip-12.13.0          |  py312h5eee18b_0          88 KB
    qt-main-5.15.2             |      h53bd1ea_10        53.7 MB
    sip-6.7.12                 |  py312h6a678d5_0         553 KB
    tornado-6.4.1              |  py312h5eee18b_0         849 KB
    unicodedata2-15.1.0        |  py312h5eee18b_0         519 KB
    ------------------------------------------------------------
                                           Total:       195.5 MB

The following NEW packages will be INSTALLED:

  brotli             pkgs/main/linux-64::brotli-1.0.9-h5eee18b_8
  brotli-bin         pkgs/main/linux-64::brotli-bin-1.0.9-h5eee18b_8
  contourpy          pkgs/main/linux-64::contourpy-1.2.0-py312hdb19cb5_0
  cycler             pkgs/main/noarch::cycler-0.11.0-pyhd3eb1b0_0
  cyrus-sasl         pkgs/main/linux-64::cyrus-sasl-2.1.28-h52b45da_1
  dbus               pkgs/main/linux-64::dbus-1.13.18-hb2f20db_0
  fontconfig         pkgs/main/linux-64::fontconfig-2.14.1-h55d465d_3
  fonttools          pkgs/main/linux-64::fonttools-4.51.0-py312h5eee18b_0
  freetype           pkgs/main/linux-64::freetype-2.12.1-h4a9f257_0
  glib               pkgs/main/linux-64::glib-2.78.4-h6a678d5_0
  glib-tools         pkgs/main/linux-64::glib-tools-2.78.4-h6a678d5_0
  gst-plugins-base   pkgs/main/linux-64::gst-plugins-base-1.14.1-h6a678d5_1
  gstreamer          pkgs/main/linux-64::gstreamer-1.14.1-h5eee18b_1
  icu                pkgs/main/linux-64::icu-73.1-h6a678d5_0
  jpeg               pkgs/main/linux-64::jpeg-9e-h5eee18b_3
  kiwisolver         pkgs/main/linux-64::kiwisolver-1.4.4-py312h6a678d5_0
  krb5               pkgs/main/linux-64::krb5-1.20.1-h143b758_1
  lcms2              pkgs/main/linux-64::lcms2-2.12-h3be6417_0
  lerc               pkgs/main/linux-64::lerc-3.0-h295c915_0
  libbrotlicommon    pkgs/main/linux-64::libbrotlicommon-1.0.9-h5eee18b_8
  libbrotlidec       pkgs/main/linux-64::libbrotlidec-1.0.9-h5eee18b_8
  libbrotlienc       pkgs/main/linux-64::libbrotlienc-1.0.9-h5eee18b_8
  libclang           pkgs/main/linux-64::libclang-14.0.6-default_hc6dbbc7_1
  libclang13         pkgs/main/linux-64::libclang13-14.0.6-default_he11475f_1
  libcups            pkgs/main/linux-64::libcups-2.4.2-h2d74bed_1
  libdeflate         pkgs/main/linux-64::libdeflate-1.17-h5eee18b_1
  libedit            pkgs/main/linux-64::libedit-3.1.20230828-h5eee18b_0
  libglib            pkgs/main/linux-64::libglib-2.78.4-hdc74915_0
  libiconv           pkgs/main/linux-64::libiconv-1.16-h5eee18b_3
  libllvm14          pkgs/main/linux-64::libllvm14-14.0.6-hecde1de_4
  libpng             pkgs/main/linux-64::libpng-1.6.39-h5eee18b_0
  libpq              pkgs/main/linux-64::libpq-12.17-hdbd6064_0
  libtiff            pkgs/main/linux-64::libtiff-4.5.1-h6a678d5_0
  libwebp-base       pkgs/main/linux-64::libwebp-base-1.3.2-h5eee18b_0
  libxcb             pkgs/main/linux-64::libxcb-1.15-h7f8727e_0
  libxkbcommon       pkgs/main/linux-64::libxkbcommon-1.0.1-h097e994_2
  libxml2            pkgs/main/linux-64::libxml2-2.13.1-hfdd30dd_2
  lz4-c              pkgs/main/linux-64::lz4-c-1.9.4-h6a678d5_1
  matplotlib         pkgs/main/linux-64::matplotlib-3.9.2-py312h06a4308_0
  matplotlib-base    pkgs/main/linux-64::matplotlib-base-3.9.2-py312h66fe004_0
  mysql              pkgs/main/linux-64::mysql-5.7.24-h721c034_2
  openjpeg           pkgs/main/linux-64::openjpeg-2.5.2-he7f1fd0_0
  packaging          pkgs/main/linux-64::packaging-24.1-py312h06a4308_0
  pcre2              pkgs/main/linux-64::pcre2-10.42-hebb0a14_1
  pillow             pkgs/main/linux-64::pillow-10.4.0-py312h5eee18b_0
  ply                pkgs/main/linux-64::ply-3.11-py312h06a4308_1
  pyparsing          pkgs/main/linux-64::pyparsing-3.1.2-py312h06a4308_0
  pyqt               pkgs/main/linux-64::pyqt-5.15.10-py312h6a678d5_0
  pyqt5-sip          pkgs/main/linux-64::pyqt5-sip-12.13.0-py312h5eee18b_0
  qt-main            pkgs/main/linux-64::qt-main-5.15.2-h53bd1ea_10
  sip                pkgs/main/linux-64::sip-6.7.12-py312h6a678d5_0
  tornado            pkgs/main/linux-64::tornado-6.4.1-py312h5eee18b_0
  unicodedata2       pkgs/main/linux-64::unicodedata2-15.1.0-py312h5eee18b_0
  zstd               pkgs/main/linux-64::zstd-1.5.5-hc292b87_2


Proceed ([y]/n)? y


Downloading and Extracting Packages:

Preparing transaction: done
Verifying transaction: done
Executing transaction: done
(newenv) root@Suvidnya:~# conda --version
conda 24.7.1
(newenv) root@Suvidnya:~# conda update conda

PackageNotInstalledError: Package is not installed in prefix.
  prefix: /root/miniconda3/envs/newenv
  package name: conda


(newenv) root@Suvidnya:~# conda activate
(base) root@Suvidnya:~# conda update conda
Channels:
 - defaults
Platform: linux-64
Collecting package metadata (repodata.json): done
Solving environment: done

## Package Plan ##

  environment location: /root/miniconda3

  added / updated specs:
    - conda


The following packages will be downloaded:

    package                    |            build
    ---------------------------|-----------------
    certifi-2024.8.30          |  py312h06a4308_0         163 KB
    conda-24.9.1               |  py312h06a4308_0         1.1 MB
    ------------------------------------------------------------
                                           Total:         1.3 MB

The following packages will be UPDATED:

  ca-certificates                       2024.7.2-h06a4308_0 --> 2024.9.24-h06a4308_0
  certifi                          2024.7.4-py312h06a4308_0 --> 2024.8.30-py312h06a4308_0
  conda                              24.7.1-py312h06a4308_0 --> 24.9.1-py312h06a4308_0
  openssl                                 3.0.14-h5eee18b_0 --> 3.0.15-h5eee18b_0


Proceed ([y]/n)? y


Downloading and Extracting Packages:

Preparing transaction: done
Verifying transaction: done
Executing transaction: done
(base) root@Suvidnya:~# conda deactivate
(newenv) root@Suvidnya:~# conda deactivate
(base) root@Suvidnya:~# conda deactivate
root@Suvidnya:~# exit
exit
Script done.